[14:26:45] INFO    ═══ STEP 002: TEP Model and R_ML Calculation
[14:26:45] INFO        Computing the potential-depth environmental predictor and M/L inference response.
[14:26:45] INFO    
[14:26:45] INFO        ── Stage 1: TEP Model Parameters ───────────────────────────
[14:26:45] INFO        Potential-linear R_ML formula:
[14:26:45] INFO          R_ML = exp[ K * (Psi - Psi_ref) * sqrt(1+z) ]
[14:26:45] INFO    
[14:26:45] INFO          kappa_gal (response coefficient): 960000.0 ± 400000.0 mag
[14:26:45] INFO          kappa_gal source: Cepheid calibration (Paper 11), transferred via K_gal
[14:26:45] INFO          log_Mh_ref (reference halo mass): 12.0000
[14:26:45] INFO          z_ref (reference redshift): 5.5000
[14:26:45] INFO          Redshift scaling: alpha(z) = kappa_gal * sqrt(1+z)
[14:26:45] INFO    
[14:26:45] INFO        ── Stage 2: Loading Input Samples ──────────────────────────
[14:26:45] INFO    >>> Loading full sample...
[14:26:45] INFO    ✓   Loading full sample completed in 18ms
[14:26:45] INFO        Full sample: N = 2315
[14:26:45] INFO    >>> Loading multi-property sample...
[14:26:45] INFO    ✓   Loading multi-property sample completed in 6ms
[14:26:45] INFO        Multi-property sample: N = 1108
[14:26:45] INFO    
[14:26:45] INFO        ── Stage 3: Computing R_ML and Derived Quantities ──────────
[14:26:45] INFO        Computing per-galaxy:
[14:26:45] INFO          (a) response_z = kappa_gal * sqrt(1+z) — response evolution
[14:26:45] INFO          (b) R_ML = exp[...]                      — observable inference response
[14:26:45] INFO          (c) t_inferred_proxy = t_cosmic * R_ML  — observer-side proxy [Gyr]
[14:26:45] INFO          (d) ml_bias = R_ML^n_ml                  — mass-to-light inference bias
[14:26:45] INFO          (e) log_Mstar_true = log_Mstar - log10(ml_bias) — corrected mass
[14:26:45] INFO    
[14:26:45] INFO    >>> Applying TEP model to full sample...
[14:26:45] INFO    ✓   Applying TEP model to full sample completed in 3ms
[14:26:45] INFO    >>> Applying TEP model to multi-property sample...
[14:26:45] INFO    ✓   Applying TEP model to multi-property sample completed in 2ms
[14:26:45] INFO        ── Stage 4: R_ML Distribution Statistics ───────────────────
[14:26:45] INFO        Full sample:
[14:26:45] INFO            N: 2,315
[14:26:45] INFO            R_ML min: 0.4114
[14:26:45] INFO            R_ML max: 8.3742
[14:26:45] INFO            R_ML median: 0.6922
[14:26:45] INFO            R_ML mean: 0.6349
[14:26:45] INFO            N (R_ML > 1): 17
[14:26:45] INFO            N (R_ML > 1.5): 9
[14:26:45] INFO            N (R_ML > 2.0): 4
[14:26:45] INFO            Inferred-time proxy range [Gyr]: [0.194, 4.120]
[14:26:45] INFO        Multi-property sample:
[14:26:45] INFO            N: 1,108
[14:26:45] INFO            R_ML median: 0.7044
[14:26:45] INFO            Mass bias median (dex): -0.1363
[14:26:45] DEBUG    ·  Per-redshift R_ML (full sample):
[14:26:45] DEBUG    ·    z=[4,6): N= 1439, median R_ML=0.705, median inferred-time proxy=0.886 Gyr
[14:26:45] DEBUG    ·    z=[6,7): N=  372, median R_ML=0.485, median inferred-time proxy=0.408 Gyr
[14:26:45] DEBUG    ·    z=[7,8): N=  221, median R_ML=0.464, median inferred-time proxy=0.322 Gyr
[14:26:45] DEBUG    ·    z=[8,9): N=  179, median R_ML=0.450, median inferred-time proxy=0.270 Gyr
[14:26:45] DEBUG    ·    z=[9,10): N=  104, median R_ML=0.443, median inferred-time proxy=0.229 Gyr
[14:26:45] INFO    
[14:26:45] INFO        ── Stage 5: Saving Outputs ─────────────────────────────────
[14:26:45] INFO    >>> Writing TEP-enriched CSVs and summary JSON...
[14:26:45] INFO        Saved: step_002_uncover_full_sample_tep.csv (2315 rows)
[14:26:45] INFO        Saved: step_002_uncover_multi_property_sample_tep.csv (1108 rows)
[14:26:45] INFO        Saved: step_002_tep_model.json
[14:26:45] INFO    ✓   Writing TEP-enriched CSVs and summary JSON completed in 88ms
[14:26:45] INFO    
[14:26:45] INFO    ✓   Step 002 complete — TEP model applied:
[14:26:45] INFO    ✓     Full sample:       N =   2315, median R_ML = 0.692
[14:26:45] INFO    ✓     Multi-property:    N =   1108, median R_ML = 0.704
[14:26:45] INFO    ✓     R_ML range: [0.411, 8.374]
[14:26:45] INFO    ✓     N(R_ML > 1): 17 (0.7%)
