[17:24:23] INFO        ======================================================================
[17:24:23] INFO        STEP 142: LRD M_BH/M_* Combined Growth Model
[17:24:23] INFO        ======================================================================
[17:24:23] INFO        Loaded step_132 population: N=260, median ΔΓ=0.043, median log_boost=0.42
[17:24:23] INFO        
Loaded real LRD sample: N=253, median z=5.55, median log_M*=8.28, median Re=91 pc
[17:24:23] INFO        Direct-mass CEERS overlap: N=40, median log_M*=9.69, median Δlog_M*(direct - MUV)=+1.43
[17:24:23] INFO        Observed LRD M_BH/M*: 0.010–0.050 (median 0.032)
[17:24:23] INFO        
Sample topology summary: median ΔΓ=0.041, median concentration=5.0, median t_cos=1.028 Gyr
[17:24:23] INFO        
======================================================================
[17:24:23] INFO        GROWTH SCENARIO COMPARISON
[17:24:23] INFO        ======================================================================
[17:24:23] INFO          Standard (no TEP)                                   median log(M_BH/M*)=-6.28  offset=-4.78 dex  ✗ gap remains
[17:24:23] INFO          TEP-only (100 M_sun seed, Eddington)                median log(M_BH/M*)=-5.79  offset=-4.29 dex  ✗ gap remains
[17:24:23] INFO          TEP + intermediate seed (10^3 M_sun)                median log(M_BH/M*)=-4.79  offset=-3.29 dex  ✗ gap remains
[17:24:23] INFO          TEP + mild super-Eddington (f=1.3, 100 M_sun)       median log(M_BH/M*)=-5.64  offset=-4.14 dex  ✗ gap remains
[17:24:23] INFO          TEP combined (500 M_sun, f=1.1)                     median log(M_BH/M*)=-5.04  offset=-3.54 dex  ✗ gap remains
[17:24:23] INFO        
Monte Carlo error propagation (N=5000)...
[17:24:23] INFO          TEP + intermediate seed (10^3 M_sun)     sample median=-4.79, 95% CI [-5.19, -4.66], in-range=0.0%
[17:24:24] INFO          TEP + mild super-Eddington (f=1.3, 100 M_sun) sample median=-5.64, 95% CI [-6.16, -5.51], in-range=0.0%
[17:24:24] INFO          TEP combined (500 M_sun, f=1.1)          sample median=-5.04, 95% CI [-5.48, -4.91], in-range=0.0%
[17:24:25] INFO        
Empirical CEERS-calibrated branch: N=202, LOO MAE=0.29 dex, in-domain=202/253, median log_M*=9.66, median ΔΓ=0.605
[17:24:25] INFO          TEP-only (100 M_sun seed, Eddington)                median log(M_BH/M*)=-1.76  offset=-0.26 dex
[17:24:25] INFO          TEP + intermediate seed (10^3 M_sun)                median log(M_BH/M*)=-0.76  offset=+0.74 dex
[17:24:25] INFO          TEP + mild super-Eddington (f=1.3, 100 M_sun)       median log(M_BH/M*)=-0.01  offset=+1.49 dex
[17:24:25] INFO          TEP combined (500 M_sun, f=1.1)                     median log(M_BH/M*)=-0.48  offset=+1.02 dex
[17:24:25] INFO          MC TEP + intermediate seed (10^3 M_sun)        median=-0.77, 95% CI [-5.55, 4.45], in-range=10.5%
[17:24:25] INFO          MC TEP + mild super-Eddington (f=1.3, 100 M_sun) median=-0.02, 95% CI [-6.32, 6.79], in-range=6.9%
[17:24:25] INFO          MC TEP combined (500 M_sun, f=1.1)             median=-0.49, 95% CI [-5.77, 5.27], in-range=9.2%
[17:24:25] INFO        
CEERS direct-mass subset: median ΔΓ=0.666, median log_M*=9.69
[17:24:25] INFO          TEP-only (100 M_sun seed, Eddington)                median log(M_BH/M*)=-1.05  offset=+0.45 dex
[17:24:25] INFO          TEP + intermediate seed (10^3 M_sun)                median log(M_BH/M*)=-0.05  offset=+1.45 dex
[17:24:25] INFO          TEP + mild super-Eddington (f=1.3, 100 M_sun)       median log(M_BH/M*)=+0.95  offset=+2.45 dex
[17:24:25] INFO          TEP combined (500 M_sun, f=1.1)                     median log(M_BH/M*)=+0.31  offset=+1.81 dex
[17:24:25] INFO        
======================================================================
[17:24:25] INFO        GAP CLOSURE SUMMARY
[17:24:25] INFO        ======================================================================
[17:24:25] INFO          Conservative MUV-proxy TEP-only offset: -4.29 dex
[17:24:25] INFO          Empirical CEERS-calibrated median S1:  -0.26 dex
[17:24:25] INFO          Best empirical deterministic path:     TEP-only (100 M_sun seed, Eddington) (-0.26 dex)
[17:24:25] INFO        
Assessment: lrd_branch_mass_model_unstable_no_robust_closure
[17:24:25] INFO        Saved: /Users/matthewsmawfield/www/Temporal Equivalence Principle/TEP-JWST/results/interim/step_142_lrd_mbh_mstar_prediction.csv
[17:24:25] INFO    Saved: /Users/matthewsmawfield/www/Temporal Equivalence Principle/TEP-JWST/results/outputs/step_142_lrd_mbh_mstar_prediction.json
[17:24:25] INFO        Step 142 complete.
