[17:24:36] INFO    ======================================================================
[17:24:36] INFO    Step 144: Adversarial Machine Learning Attack on TEP
[17:24:36] INFO    ======================================================================
[17:24:36] INFO        Loading UNCOVER...
[17:24:36] INFO      UNCOVER: 2315 galaxies
[17:24:36] INFO        Loading CEERS...
[17:24:36] INFO      CEERS: 10300 galaxies
[17:24:36] INFO        Loading COSMOS-Web...
[17:24:36] INFO      COSMOS-Web: 50057 galaxies
[17:24:36] INFO        TEST 1: Within-survey adversarial attack (UNCOVER)
[17:24:36] INFO          N = 2315 galaxies with all features
[17:24:37] INFO          mass_z_poly (8 features)...
[17:24:49] INFO            GBR: R²=0.2352±0.1260, ρ=0.3575
[17:24:54] INFO            RF: R²=0.2929±0.1222, ρ=0.3999
[17:24:54] INFO            Ridge: R²=0.2348±0.1177, ρ=0.3930
[17:24:54] INFO          mass_z_poly+extras (12 features)...
[17:24:54] INFO            GBR: R²=0.5819±0.0751, ρ=0.6765
[17:24:59] INFO            RF: R²=0.5544±0.0618, ρ=0.6799
[17:24:59] INFO            Ridge: R²=0.2354±0.1577, ρ=0.4600
[17:24:59] INFO          mass_z_poly+gamma_t (10 features)...
[17:24:59] INFO            GBR: R²=0.2325±0.1271, ρ=0.3499
[17:24:59] INFO            RF: R²=0.2860±0.1080, ρ=0.3906
[17:24:59] INFO            Ridge: R²=0.2420±0.1178, ρ=0.3928
[17:24:59] INFO          mass_z_poly+extras+gamma_t (14 features)...
[17:24:59] INFO            GBR: R²=0.5682±0.0773, ρ=0.6747
[17:25:01] INFO            RF: R²=0.5391±0.0718, ρ=0.6794
[17:25:01] INFO            Ridge: R²=-1.8835±4.4146, ρ=0.4575
[17:25:01] INFO          gamma_t_only (2 features)...
[17:25:01] INFO            GBR: R²=-0.0683±0.0739, ρ=0.3131
[17:25:01] INFO            RF: R²=0.0660±0.0519, ρ=0.3389
[17:25:01] INFO            Ridge: R²=-0.8740±1.7847, ρ=-0.2630
[17:25:01] INFO          mass_only (1 features)...
[17:25:01] INFO            GBR: R²=-0.1482±0.0560, ρ=0.0083
[17:25:01] INFO            RF: R²=-0.0090±0.0342, ρ=0.0386
[17:25:01] INFO            Ridge: R²=0.0384±0.0257, ρ=0.0266
[17:25:01] INFO          z_only (1 features)...
[17:25:01] INFO            GBR: R²=-0.0499±0.0935, ρ=0.3079
[17:25:01] INFO            RF: R²=0.1024±0.0588, ρ=0.3281
[17:25:01] INFO            Ridge: R²=0.1468±0.0362, ρ=0.3631
[17:25:01] INFO          Computing permutation importance of Gamma_t...
[17:25:04] INFO          Gamma_t permutation importance: R² drop = 0.0108 ± 0.0325
[17:25:04] INFO        TEST 2: Cross-survey generalization attack
[17:25:04] INFO          UNCOVER_to_CEERS...
[17:25:10] INFO            mass_z_poly: R²=-2.5933, ρ=-0.3499
[17:25:10] INFO            mass_z_poly+gamma_t: R²=-2.5208, ρ=-0.3087
[17:25:10] INFO            Gamma_t cross-survey lift: ΔR² = +0.0725
[17:25:10] INFO          UNCOVER_to_COSMOS-Web...
[17:25:10] INFO            mass_z_poly: R²=-0.0158, ρ=-0.1192
[17:25:10] INFO            mass_z_poly+gamma_t: R²=-0.0158, ρ=-0.1165
[17:25:10] INFO            Gamma_t cross-survey lift: ΔR² = +0.0000
[17:25:10] INFO          CEERS_to_UNCOVER...
[17:25:32] INFO            mass_z_poly: R²=-2.1749, ρ=0.1046
[17:25:32] INFO            mass_z_poly+gamma_t: R²=-2.1776, ρ=0.1148
[17:25:32] INFO            Gamma_t cross-survey lift: ΔR² = -0.0028
[17:25:32] INFO          CEERS_to_COSMOS-Web...
[17:25:32] INFO            mass_z_poly: R²=-0.0118, ρ=0.3554
[17:25:32] INFO            mass_z_poly+gamma_t: R²=-0.0118, ρ=0.3533
[17:25:32] INFO            Gamma_t cross-survey lift: ΔR² = -0.0000
[17:25:32] INFO          COSMOS-Web_to_UNCOVER...
[17:27:28] INFO            mass_z_poly: R²=-91.2685, ρ=0.2154
[17:27:28] INFO            mass_z_poly+gamma_t: R²=-91.4861, ρ=0.2789
[17:27:28] INFO            Gamma_t cross-survey lift: ΔR² = -0.2176
[17:27:28] INFO          COSMOS-Web_to_CEERS...
[17:27:28] INFO            mass_z_poly: R²=-100054.7520, ρ=0.5462
[17:27:28] INFO            mass_z_poly+gamma_t: R²=-98737.9611, ρ=0.5232
[17:27:28] INFO            Gamma_t cross-survey lift: ΔR² = +1316.7909
[17:27:28] INFO        TEST 3: Conditional mutual information I(Γ_t; dust | M*, z)
[17:27:28] INFO          z_gt_8: N = 283
[17:27:28] INFO            I(Γ_t; dust | M*, z) = 0.1134 (z-score = 0.0)
[17:27:28] INFO            I(M*; dust | Γ_t, z) = 0.0505
[17:27:28] INFO          full_z4_10: N = 2315
[17:27:41] INFO            I(Γ_t; dust | M*, z) = 0.0039 (z-score = 7.0)
[17:27:41] INFO            I(M*; dust | Γ_t, z) = 0.0184
[17:27:41] INFO    Results saved to /Users/matthewsmawfield/www/Temporal Equivalence Principle/TEP-JWST/results/outputs/step_144_adversarial_ml_attack.json
[17:27:42] INFO    Figure saved to /Users/matthewsmawfield/www/Temporal Equivalence Principle/TEP-JWST/results/figures/figure_144_adversarial_ml_attack.png
[17:27:42] INFO        ============================================================
[17:27:42] INFO        ADVERSARIAL ML ATTACK RESULTS
[17:27:42] INFO        ============================================================
[17:27:42] INFO          WITHIN-SURVEY: Γ_t lift is negligible once flexible survey-specific features are available (ΔR²=-0.0137)
[17:27:42] INFO          SINGLE-FEATURE: z wins (Γ_t R²=-0.068, M* R²=-0.148, z R²=-0.050)
[17:27:42] INFO          CROSS-SURVEY: Γ_t Δρ positive in 4/6 pairs (mean Δρ=+0.0154). All flexible transfer models fail cross-survey (R² << 0), so the relevant comparison is retained rank information rather than within-survey fit quality.
[17:27:42] INFO          PERMUTATION: joint Γ_t feature permutation lowers GBR R² by 0.0108 on average
[17:27:42] INFO          INFO THEORY: I(Γ_t; dust | M*, z) not significant (z=0.0)
