[22:35:25] INFO        ============================================================
[22:35:25] INFO        STEP 7: Threads 6-7 - Coherence Tests
[22:35:25] INFO        ============================================================
[22:35:25] INFO        Loaded multi-property sample: N = 1108
[22:35:25] INFO        
==================================================
[22:35:25] INFO        THREAD 6: Age-Metallicity Coherence
[22:35:25] INFO        ==================================================
[22:35:25] INFO    
[22:35:26] INFO        N = 1108
[22:35:26] INFO        rho(age_ratio, metallicity) = 0.331 [0.267, 0.388]
[22:35:26] INFO        p = 1.05e-29
[22:35:26] INFO    
[22:35:26] INFO        ★ STATISTICALLY SIGNIFICANT: True
[22:35:26] INFO    
[22:35:26] INFO        INTERPRETATION:
[22:35:26] INFO          Older-appearing galaxies are more metal-enriched.
[22:35:26] INFO          This is consistent with TEP: enhanced time → more enrichment.
[22:35:26] INFO        
==================================================
[22:35:26] INFO        THREAD 7: Multi-Property Split Test
[22:35:26] INFO        ==================================================
[22:35:26] INFO    
[22:35:26] INFO        N = 1108
[22:35:26] INFO        Γ_t median = 0.634
[22:35:26] INFO    
[22:35:26] INFO        age_ratio:
[22:35:26] INFO          Low Γ_t:  0.133
[22:35:26] INFO          High Γ_t: 0.167
[22:35:26] INFO          Diff:     +0.034
[22:35:26] INFO          p = 6.33e-16
[22:35:26] INFO          ★ SIGNIFICANT: True
[22:35:26] INFO    
[22:35:26] INFO        metallicity:
[22:35:26] INFO          Low Γ_t:  -1.272
[22:35:26] INFO          High Γ_t: -1.049
[22:35:26] INFO          Diff:     +0.223
[22:35:26] INFO          p = 4.14e-16
[22:35:26] INFO          ★ SIGNIFICANT: True
[22:35:26] INFO    
[22:35:26] INFO        dust:
[22:35:26] INFO          Low Γ_t:  0.254
[22:35:26] INFO          High Γ_t: 0.302
[22:35:26] INFO          Diff:     +0.047
[22:35:26] INFO          p = 1.68e-06
[22:35:26] INFO          ★ SIGNIFICANT: True
[22:35:26] INFO    
[22:35:26] INFO        ==================================================
[22:35:26] INFO        ALL PROPERTIES SIGNIFICANT: True
[22:35:26] INFO    
[22:35:26] INFO        INTERPRETATION:
[22:35:26] INFO          All three properties (age, metallicity, dust) shift
[22:35:26] INFO          in the direction predicted by TEP.
[22:35:26] INFO          This is the TEP signature - coherent multi-property shift.
[22:35:26] INFO        
==================================================
[22:35:26] INFO        SUMMARY
[22:35:26] INFO        ==================================================
[22:35:26] INFO        Thread 6 (Age-Metallicity): ✓
[22:35:26] INFO        Thread 7 (Multi-Property):  ✓
[22:35:26] INFO    
[22:35:26] INFO        Step 007 complete.
