[17:28:05] INFO    ═══ STEP 147: Cosmic SFRD Correction at z > 6
[17:28:05] INFO        Quantifying the TEP isochrony-bias correction to the cosmic star formation rate density.
[17:28:05] INFO    
[17:28:05] INFO        ── Stage 1: Methodology ────────────────────────────────────
[17:28:05] INFO        If TEP inflates apparent stellar masses via isochrony bias, it also inflates
[17:28:05] INFO        apparent SFRs (since SFR is proportional to M* x sSFR in SED fitting).
[17:28:05] INFO    
[17:28:05] INFO        Correction formula: SFR_true = SFR_obs / Gamma_t^m
[17:28:05] INFO            SFR bias index m: 0.5000
[17:28:05] INFO          Rationale: UV-based SFR traces recent SF (< 100 Myr), less affected than cumulative mass
[17:28:05] INFO            Mass bias index n (for comparison): 0.7000
[17:28:05] INFO          LCDM reference: Mason+ 2015 / Bouwens+ 2022 extrapolation: log10(SFRD) = -1.5 - 0.35*(z-6)
[17:28:05] INFO            Redshift bins: z = 6-7, 7-8, 8-9, 9-10, 10-12
[17:28:05] INFO            Volume weighting: Flat LCDM comoving shell, H0=67.4, Om=0.315
[17:28:05] INFO    
[17:28:05] INFO        ── Stage 2: Loading Survey Data ────────────────────────────
[17:28:05] INFO    >>> Loading UNCOVER SFR data...
[17:28:05] INFO    ✓   Loading UNCOVER SFR data completed in 21ms
[17:28:05] INFO          UNCOVER: 2315 galaxies with valid SFR
[17:28:05] INFO    >>> Loading CEERS SFR data...
[17:28:05] INFO    ✓   Loading CEERS SFR data completed in 7ms
[17:28:05] INFO          CEERS: 10477 galaxies with valid SFR
[17:28:05] INFO          Combined sample: 12792 galaxies
[17:28:05] INFO    
[17:28:05] INFO        ── Stage 3: Per-Survey SFRD Computation ────────────────────
[17:28:05] INFO        UNCOVER (Abell 2744, ~45 arcmin^2):
[17:28:05] INFO    >>> Computing UNCOVER SFRD bins...
[17:28:06] INFO    ✓   Computing UNCOVER SFRD bins completed in 915ms
[17:28:06] INFO          z=[6,7): N=372, log SFRD_obs=-1.90, log SFRD_corr=-1.86, excess=0.6x -> 0.7x, reduction=-10%
[17:28:06] INFO          z=[7,8): N=221, log SFRD_obs=-2.07, log SFRD_corr=-2.00, excess=0.9x -> 1.1x, reduction=-17%
[17:28:06] INFO          z=[8,9): N=179, log SFRD_obs=-1.60, log SFRD_corr=-1.78, excess=5.9x -> 3.9x, reduction=33%
[17:28:06] INFO          z=[9,10): N=104, log SFRD_obs=-1.80, log SFRD_corr=-2.18, excess=8.3x -> 3.5x, reduction=58%
[17:28:06] INFO    
[17:28:06] INFO        CEERS (EGS field, ~100 arcmin^2):
[17:28:06] INFO    >>> Computing CEERS SFRD bins...
[17:28:06] INFO    ✓   Computing CEERS SFRD bins completed in 3ms
[17:28:06] INFO          z=[6,7): N=1835, log SFRD_obs=-0.82, log SFRD_corr=-1.31, excess=7.1x -> 2.3x, reduction=67%
[17:28:06] INFO          z=[7,8): N=554, log SFRD_obs=-1.37, log SFRD_corr=-1.55, excess=4.5x -> 3.0x, reduction=34%
[17:28:06] INFO          z=[8,9): N=382, log SFRD_obs=-1.87, log SFRD_corr=-1.93, excess=3.2x -> 2.8x, reduction=13%
[17:28:06] INFO          z=[9,10): N=236, log SFRD_obs=-1.68, log SFRD_corr=-1.88, excess=11.0x -> 7.0x, reduction=37%
[17:28:06] INFO          z=[10,12): N=269, log SFRD_obs=-1.97, log SFRD_corr=-2.12, excess=18.9x -> 13.4x, reduction=29%
[17:28:06] INFO    
[17:28:06] INFO        ── Stage 4: Combined Volume-Weighted SFRD ──────────────────
[17:28:06] INFO    >>> Combining surveys (volume-weighted)...
[17:28:06] INFO    ✓   Combining surveys (volume-weighted) completed in 0ms
[17:28:06] INFO        Combined UNCOVER + CEERS:
[17:28:06] INFO          z=[6,7): N=2207, log SFRD_obs=-0.97, log SFRD_corr=-1.42, excess_obs=5.1x, excess_corr=1.8x, reduction=65%
[17:28:06] INFO          z=[7,8): N=775, log SFRD_obs=-1.49, log SFRD_corr=-1.65, excess_obs=3.4x, excess_corr=2.4x, reduction=30%
[17:28:06] INFO          z=[8,9): N=561, log SFRD_obs=-1.77, log SFRD_corr=-1.88, excess_obs=4.0x, excess_corr=3.1x, reduction=22%
[17:28:06] INFO          z=[9,10): N=340, log SFRD_obs=-1.72, log SFRD_corr=-1.95, excess_obs=10.2x, excess_corr=5.9x, reduction=42%
[17:28:06] INFO          z=[10,12): N=269, log SFRD_obs=-1.97, log SFRD_corr=-2.12, excess_obs=18.9x, excess_corr=13.4x, reduction=29%
[17:28:06] INFO    
[17:28:06] INFO        ── Stage 5: Summary Statistics ─────────────────────────────
[17:28:06] INFO        z > 8 bins (combined):
[17:28:06] INFO            Mean SFRD reduction: 31.0%
[17:28:06] INFO            Mean excess (observed): 11.0x LCDM
[17:28:06] INFO            Mean excess (TEP-corrected): 7.5x LCDM
[17:28:06] INFO            Max excess (observed -> corrected): 18.9x -> 13.4x
[17:28:06] INFO    
[17:28:06] INFO        All bins (combined):
[17:28:06] INFO            Overall mean SFRD reduction: 37.5%
[17:28:06] INFO    
[17:28:06] INFO        Sensitivity to SFR bias index m:
[17:28:06] INFO          z=[8,9): m=0.5 -> log SFRD=-1.88, m=0.7 -> log SFRD=-1.89
[17:28:06] INFO          z=[9,10): m=0.5 -> log SFRD=-1.95, m=0.7 -> log SFRD=-1.99
[17:28:06] INFO          z=[10,12): m=0.5 -> log SFRD=-2.12, m=0.7 -> log SFRD=-2.16
[17:28:06] INFO    
[17:28:06] INFO        ── Stage 6: Figure Generation and Output ───────────────────
[17:28:06] INFO    >>> Generating 3-panel SFRD correction figure...
[17:28:07] INFO        Figure saved to /Users/matthewsmawfield/www/Temporal Equivalence Principle/TEP-JWST/results/figures/figure_147_cosmic_sfrd_correction.png
[17:28:07] INFO    ✓   Generating 3-panel SFRD correction figure completed in 1.33s
[17:28:07] INFO    >>> Writing results JSON...
[17:28:07] INFO        Results saved to step_147_cosmic_sfrd_correction.json
[17:28:07] INFO    ✓   Writing results JSON completed in 1ms
[17:28:07] INFO    
[17:28:07] INFO    ✓   Step 147 complete — SFRD correction summary:
[17:28:07] INFO    ✓     z > 8 mean reduction: 31.0%
[17:28:07] INFO    ✓     z > 8 excess: 11.0x -> 7.5x LCDM
[17:28:07] INFO    ✓     Overall mean reduction: 37.5%
[17:28:07] INFO    ✓     Correction is modest — residual excess at z > 9 requires
[17:28:07] INFO    ✓     additional astrophysical contributions (bursty SF, cosmic variance).
