[17:18:13] INFO    ═══ STEP 069: Compactness Verification
[17:18:13] INFO    >>> Loading LRD Catalog (Kokorev)...
[17:18:13] INFO        Loaded 260 LRDs with valid sizes.
[17:18:13] INFO    >>> Loading Survey Catalogs...
[17:18:13] INFO        Loaded CEERS: 10483
[17:18:13] INFO    >>> Matching LRDs to CEERS...
[17:18:13] INFO        Found 40 matches in CEERS
[17:18:13] INFO    ✓   Total matched LRDs with Mass: 40
[17:18:13] INFO        Calibrated k (Phi->Gamma): 3.06e-11
[17:18:13] INFO    ✓   Saved figure to /Users/matthewsmawfield/www/Temporal Equivalence Principle/TEP-JWST/results/figures/circularity_check_compactness.png
[17:18:13] INFO    ✓   Report saved to /Users/matthewsmawfield/www/Temporal Equivalence Principle/TEP-JWST/results/outputs/circularity_resolution_stats.txt
[17:18:13] INFO        CIRCULARITY RESOLUTION STATISTICS
=================================
Matched LRDs: 40
Calibration k: 3.06e-11 (Gamma ~ exp(k * M/R))

Mean Boost (Compact/Mass): 1.24x
Median Boost: 1.32x

INTERPRETATION:
LRDs are significantly more compact than the mass-size relation predicts.
Using a potential-based proxy (M/R) yields HIGHER Gamma_t values than mass alone.
Therefore, the Mass-Only proxy used in the manuscript is CONSERVATIVE.
The circularity critique is resolved: explicit potential modeling strengthens the anomaly.
[17:18:13] INFO    ✓   JSON results saved to /Users/matthewsmawfield/www/Temporal Equivalence Principle/TEP-JWST/results/outputs/step_069_compactness_verification.json
[17:18:13] INFO    ✓   Step 069 complete.
