[17:23:49] INFO    ======================================================================
[17:23:49] INFO    Step 137: Cross-Survey Generalization Test
[17:23:49] INFO    ======================================================================
[17:23:49] INFO      UNCOVER z>8: loaded 283 galaxies
[17:23:50] INFO      CEERS: loaded 71 galaxies (z>=8.0)
[17:23:51] INFO      COSMOS-Web: loaded 2340 galaxies (z>=8.0)
[17:23:51] INFO    Loaded 3 surveys: ['UNCOVER', 'CEERS', 'COSMOS-Web']
[17:23:51] INFO    
--- Within-Survey Statistics ---
[17:23:51] INFO      UNCOVER (N=283): ρ(dust,t_eff)=0.303, ρ(dust,M*)=0.559, poly_CV_R²=0.473
[17:23:51] INFO      CEERS (N=71): ρ(dust,t_eff)=0.652, ρ(dust,M*)=0.795, poly_CV_R²=0.557
[17:23:51] INFO      COSMOS-Web (N=2340): ρ(dust,t_eff)=0.696, ρ(dust,M*)=0.706, poly_CV_R²=0.508
[17:23:51] INFO    
--- Leave-One-Survey-Out (Continuous Dust Prediction) ---
[17:23:51] INFO      Test=UNCOVER (N=283): poly cross-ρ=0.542, t_eff ρ=0.303, Δρ(t_eff-poly)=-0.239, poly R²_cross=-1.388
[17:23:51] INFO      Test=CEERS (N=71): poly cross-ρ=0.788, t_eff ρ=0.652, Δρ(t_eff-poly)=-0.136, poly R²_cross=0.170
[17:23:51] INFO      Test=COSMOS-Web (N=2340): poly cross-ρ=0.724, t_eff ρ=0.696, Δρ(t_eff-poly)=-0.027, poly R²_cross=-6.433
[17:23:51] INFO    
--- Summary ---
[17:23:51] INFO      Mean t_eff ρ advantage: -0.134
[17:23:51] INFO      t_eff wins: 0/3
[17:23:51] INFO      Mean poly R² drop (within→cross): +3.063
[17:23:51] INFO    
Results saved to /Users/matthewsmawfield/www/Temporal Equivalence Principle/TEP-JWST/results/outputs/step_137_cross_survey_generalization.json
