[17:18:01] INFO        ======================================================================
[17:18:01] INFO        STEP 062: Predictive Power Analysis
[17:18:01] INFO        ======================================================================
[17:18:01] INFO        
Loaded N = 2315 galaxies
[17:18:01] INFO        
======================================================================
[17:18:01] INFO        TEST 1: Dust Prediction via Linear Models
[17:18:01] INFO        ======================================================================
[17:18:01] INFO        Evaluating the linear correlation between mass, Gamma_t, t_eff and dust content.

[17:18:01] INFO        Variance explained by Mass alone: R² = 0.4625
[17:18:01] INFO        Variance explained by Gamma_t alone: R² = 0.0501
[17:18:01] INFO        Variance explained by t_eff alone: R² = 0.0550
[17:18:01] INFO        Variance explained by joint Mass + Gamma_t model: R² = 0.4652
[17:18:01] INFO        
Marginal predictive power: Gamma_t adds 0.3% explained variance over mass alone.
[17:18:01] INFO        
======================================================================
[17:18:01] INFO        TEST 2: Cross-Validated Prediction robustness
[17:18:01] INFO        ======================================================================
[17:18:01] INFO        Testing if the joint model's predictive power is robust to data partitioning (K-Fold CV).

[17:18:01] INFO        5-fold CV R² scores: [ 0.4769 -1.7872 -0.0804 -0.0216  0.0515]
[17:18:01] INFO        Mean CV R²: -0.2722 ± 0.7824
[17:18:01] INFO        
======================================================================
[17:18:01] INFO        TEST 3: Out-of-Sample Generalization
[17:18:01] INFO        ======================================================================
[17:18:01] INFO        Training the joint model on z = 8-9, and evaluating its performance on an unseen higher-z (9-10) epoch.

[17:18:01] INFO        Training set (z = 8-9): N = 179
[17:18:01] INFO        Test set (z = 9-10): N = 104
[17:18:01] INFO        Out-of-sample R²: -3.9494
[17:18:01] INFO        Out-of-sample RMSE: 1.2121
[17:18:01] INFO        
-> The linear model fails to generalize to the higher redshift bin.
[17:18:01] INFO        
======================================================================
[17:18:01] INFO        TEST 4: Non-linear Feature Importance
[17:18:01] INFO        ======================================================================
[17:18:01] INFO        Using a non-linear ensemble tree model to evaluate relative feature information content.

[17:18:02] INFO        Feature importances (Random Forest Impurity reduction):
[17:18:02] INFO          gamma_t: 0.384
[17:18:02] INFO          t_eff: 0.336
[17:18:02] INFO          log_Mstar: 0.280
[17:18:02] INFO        
======================================================================
[17:18:02] INFO        TEST 5: Baseline Null Model Comparison
[17:18:02] INFO        ======================================================================
[17:18:02] INFO        Comparing the TEP parameterization against a purely random, mean-predictive null distribution.

[17:18:02] INFO        R² (Null model - mean predictor): 0.0000
[17:18:02] INFO        R² (TEP Gamma_t model): 0.0501
[17:18:02] INFO        Calibrated predictive gain over baseline: 5.0%
[17:18:02] INFO        
======================================================================
[17:18:02] INFO        SUMMARY: Predictive Power Analysis
[17:18:02] INFO        ======================================================================
[17:18:02] INFO        
Key findings:
[17:18:02] INFO          • Gamma_t adds 0.3% explained variance
[17:18:02] INFO          • Cross-validated R²: -0.272
[17:18:02] INFO          • Out-of-sample R²: -3.949
[17:18:02] INFO        
Saved to /Users/matthewsmawfield/www/Temporal Equivalence Principle/TEP-JWST/results/outputs/step_062_predictive_power.json
