[22:39:18] INFO        ============================================================
[22:39:18] INFO        Step 135: Scale-Dependent Growth with Chameleon Yukawa
[22:39:18] INFO        ============================================================
[22:39:18] INFO        Computing ΛCDM reference growth...
[22:39:18] INFO        Scanning 50 m_φ,0 values...
[22:39:26] INFO        m_φ,0 (2σ min): 0.429 h/Mpc
[22:39:26] INFO        m_φ,0 (best fit): 100.000 h/Mpc
[22:39:26] INFO        σ₈ (best): 0.8110 (Planck: 0.811)
[22:39:26] INFO        λ_C(z=0): 0.06 Mpc/h
[22:39:26] INFO        Computing full scale-dependent growth at best-fit m_φ,0...
[22:39:26] INFO        Final σ₈_TEP: 0.8110
[22:39:26] INFO        σ₈ ratio: 1.000000
[22:39:26] INFO        G_eff/G_N at k₈=0.785 h/Mpc: 1.000123
[22:39:26] INFO        β_eff at k₈: 0.007854
[22:39:26] INFO        Suppression factor: 0.0079
[22:39:26] INFO        Computing f(z)σ₈(z)...
[22:39:26] INFO        RSD χ² — ΛCDM: 7.49/8, TEP: 7.49/8
[22:39:27] INFO        Unscreened σ₈: 237.97 (confirms Step 92: ~3.40)
[22:39:27] INFO        Results saved to /Users/matthewsmawfield/www/Temporal Equivalence Principle/TEP-JWST/results/outputs/step_135_scale_dependent_growth.json
[22:39:28] INFO        Figure saved to /Users/matthewsmawfield/www/Temporal Equivalence Principle/TEP-JWST/results/figures/figure_135_scale_dependent_growth.png
[22:39:29] INFO        Figure saved to /Users/matthewsmawfield/www/Temporal Equivalence Principle/TEP-JWST/results/figures/figure_135_geff_scale.png
[22:39:29] INFO        ============================================================
[22:39:29] INFO        SUMMARY
[22:39:29] INFO          β (conformal coupling): 1.0
[22:39:29] INFO          m_φ,0 (best fit): 100.00 h/Mpc
[22:39:29] INFO          λ_C(z=0): 0.06 Mpc/h
[22:39:29] INFO          σ₈ (TEP, screened): 0.8110
[22:39:29] INFO          σ₈ (Planck): 0.811
[22:39:29] INFO          Δσ₈/σ: 0.00σ
[22:39:29] INFO          β_eff on R₈ scales: 0.0079 (suppression: 0.0079)
[22:39:29] INFO          P(k) enhancement at k=1 h/Mpc: 1.0000
[22:39:29] INFO          RSD χ² — ΛCDM: 7.5, TEP: 7.5
[22:39:29] INFO        ============================================================
