[17:18:16] INFO    ═══ STEP 071: BBN Compatibility Analysis
[17:18:16] INFO        Validating that TEP scalar-tensor modifications preserve BBN yields within 1%.
[17:18:16] INFO    
[17:18:16] INFO    >>> 1. Computing expansion rate deviation during BBN...
[17:18:16] INFO           Redshift range: z = 4.26e+07 to 4.26e+09
[17:18:16] INFO           Max |ΔH/H|: 1.13e-16
[17:18:16] INFO           Mean |ΔH/H|: 1.13e-19
[17:18:16] INFO           RMS ΔH/H: 3.57e-18
[17:18:16] INFO    >>> 2. Computing He-4 yield shift...
[17:18:16] INFO           Y_p (standard): 0.2470
[17:18:16] INFO           Y_p (TEP): 0.247000
[17:18:16] INFO           Fractional shift: 0.0000%
[17:18:16] INFO    >>> 3. Computing D/H shift...
[17:18:16] INFO           D/H (standard): 2.50e-05
[17:18:16] INFO           D/H (TEP): 2.50e-05
[17:18:16] INFO           Fractional shift: -0.0000%
[17:18:16] INFO    
[17:18:16] INFO        Maximum yield shift: 0.0000%
[17:18:16] INFO    ✓   Within 1% threshold: YES
[17:18:16] INFO    
[17:18:16] INFO        Physical mechanism:
[17:18:16] INFO           During radiation domination, the trace of the stress-energy tensor
[17:18:16] INFO           vanishes (T^μ_μ = 0 for relativistic matter). This freezes the scalar
[17:18:16] INFO           field, preventing TEP modifications to the expansion rate during BBN.
[17:18:16] INFO           The coupling only becomes active when matter dominates (z < 3400).
[17:18:16] INFO    ✓   Results saved to: step_071_bbn_analysis.json
