[23:46:25] INFO        =================================================================
[23:46:25] INFO        Step 174: Stellar Mass Function — Mass Threshold Counts
[23:46:25] INFO        =================================================================
[23:46:25] INFO    Loading three-survey data...
[23:46:25] INFO      UNCOVER: loaded 2315 galaxies
[23:46:25] INFO      CEERS: loaded 3224 galaxies (z=4-12)
[23:46:26] INFO      COSMOS-Web: loaded 41120 galaxies (z=4-12)
[23:46:26] INFO    Total: 46659 galaxies across 3 surveys
[23:46:26] INFO      z=[7,8), logM*>10.0: N_obs=119, N_corr=156, reduction=-31%
[23:46:26] INFO      z=[7,8), logM*>10.5: N_obs=41, N_corr=30, reduction=27%
[23:46:26] INFO      z=[8,9), logM*>10.0: N_obs=113, N_corr=138, reduction=-22%
[23:46:26] INFO      z=[8,9), logM*>10.5: N_obs=34, N_corr=19, reduction=44%
[23:46:26] INFO      z=[9,10), logM*>10.0: N_obs=54, N_corr=73, reduction=-35%
[23:46:26] INFO      z=[9,10), logM*>10.5: N_obs=17, N_corr=9, reduction=47%
[23:46:26] INFO        
Table 15 (n_ml = 0.7):
[23:46:26] INFO        Redshift     Threshold     N_obs  N_corr  Reduction
[23:46:26] INFO        z=7-8        logM*>10.0      119     156       -31%
[23:46:26] INFO        z=7-8        logM*>10.5       41      30        27%
[23:46:26] INFO        z=8-9        logM*>10.0      113     138       -22%
[23:46:26] INFO        z=8-9        logM*>10.5       34      19        44%
[23:46:26] INFO        z=9-10       logM*>10.0       54      73       -35%
[23:46:26] INFO        z=9-10       logM*>10.5       17       9        47%
[23:46:26] INFO    Results written to /Users/matthewsmawfield/www/Temporal Equivalence Principle/TEP-JWST/results/outputs/step_174_smf_mass_threshold_counts.json
[23:46:26] INFO        Step 174 complete.
