[17:22:59] INFO    ═══ =================================================================
[17:22:59] INFO    ═══ STEP 117: TEP M*/M_dyn Correction — Real UNCOVER Data
[17:22:59] INFO    ═══ =================================================================
[17:22:59] INFO        Loaded local object-level kinematic table: /Users/matthewsmawfield/www/Temporal Equivalence Principle/TEP-JWST/data/interim/literature_kinematic_sample.json (N=5)
[17:22:59] INFO        Direct object-level sample loaded as supplementary; matched regime-level fallback remains primary.
[17:22:59] INFO        Direct object-level sample is marked authoritative for downstream beta propagation.
[17:22:59] INFO    >>> Loaded UNCOVER TEP catalog: N = 2315
[17:22:59] INFO    >>> Kinematic regime (z>4, log M*>9.5): N = 71
[17:22:59] INFO        Mean Gamma_t: 2.036 ± 7.044
[17:22:59] INFO        Mean mass correction factor: 1.121×
[17:22:59] INFO        Mean Δlog M* (SED − TEP): 0.006 dex
[17:22:59] INFO        Median Δlog M*: -0.046 dex
[17:22:59] INFO          z=4–5,  logM*=9.5–10.5: N=30, mean Γ_t=0.83, mean corr=0.91× (Δlog M*=-0.04 dex)
[17:22:59] INFO          z=5–7,  logM*>9.5: N=20, mean Γ_t=1.01, mean corr=0.97× (Δlog M*=-0.02 dex)
[17:22:59] INFO          z>7,    logM*>9.5: N=21, mean Γ_t=4.73, mean corr=1.56× (Δlog M*=0.10 dex)
[17:22:59] INFO        
--- Model Prediction vs Published Tension ---
[17:22:59] INFO        Published M*/M_dyn excess (de Graaff+24): ~0.15 dex
[17:22:59] INFO        TEP mean reduction in this regime: 0.27 dex
[17:22:59] INFO    ✓   Resolution achieved: YES
[17:22:59] INFO    ✓   Results saved to step_117_dynamical_mass_comparison.json
