[22:43:36] INFO    ═══ ============================================================
[22:43:36] INFO    ═══ step_155: JADES DR5 morphology × DR4 spec-z TEP test
[22:43:36] INFO    ═══ ============================================================
[22:43:36] INFO    >>> Loading JADES DR4 spectroscopic catalog...
[22:43:36] INFO        DR4 good spec-z with DR5 ID: N = 2839
[22:43:36] INFO    >>> Loading JADES DR5 photometry (SIZE HDU)...
[22:43:36] INFO    >>> Cross-matching DR4 spec-z with DR5 morphology...
[22:43:36] INFO        DR4 proxy sample with valid F277W_RHALF: N = 1592
[22:43:37] INFO          rhalf_f277_z_gt_7: raw ρ=0.319, p=0.004656; partial ρ=0.065, p=0.5766; N=77
[22:43:37] INFO          rhalf_f444_z_gt_7: raw ρ=0.319, p=0.004656; partial ρ=0.065, p=0.5766; N=77
[22:43:37] INFO          axis_ratio_z_gt_7: raw ρ=0.037, p=0.7465; partial ρ=0.053, p=0.6471; N=77
[22:43:37] INFO          gini_z_gt_7: raw ρ=0.179, p=0.1195; partial ρ=0.085, p=0.4628; N=77
[22:43:37] INFO          sigma_star_z_gt_7: raw ρ=0.125, p=0.2771; partial ρ=-0.164, p=0.1541; N=77
[22:43:37] INFO          rhalf_f277_z_gt_5: raw ρ=0.423, p=2.353e-14; partial ρ=0.077, p=0.1867; N=298
[22:43:37] INFO          rhalf_f444_z_gt_5: raw ρ=0.423, p=2.353e-14; partial ρ=0.077, p=0.1867; N=298
[22:43:37] INFO          axis_ratio_z_gt_5: raw ρ=-0.124, p=0.03198; partial ρ=0.016, p=0.7838; N=298
[22:43:37] INFO          gini_z_gt_5: raw ρ=0.304, p=8.309e-08; partial ρ=0.021, p=0.7128; N=298
[22:43:37] INFO          sigma_star_z_gt_5: raw ρ=-0.083, p=0.1537; partial ρ=0.001, p=0.9824; N=298
[22:43:37] INFO          rhalf_f277_z_gt_4: raw ρ=0.519, p=1.546e-33; partial ρ=0.064, p=0.1657; N=466
[22:43:37] INFO          rhalf_f444_z_gt_4: raw ρ=0.519, p=1.546e-33; partial ρ=0.064, p=0.1657; N=466
[22:43:37] INFO          axis_ratio_z_gt_4: raw ρ=-0.108, p=0.01933; partial ρ=-0.003, p=0.9415; N=466
[22:43:37] INFO          gini_z_gt_4: raw ρ=0.301, p=3.108e-11; partial ρ=0.104, p=0.02446; N=466
[22:43:37] INFO          sigma_star_z_gt_4: raw ρ=-0.275, p=1.5e-09; partial ρ=0.011, p=0.8137; N=466
[22:43:37] INFO    >>> Loading JADES physical catalog for direct-mass morphology control...
[22:43:37] INFO        Physical-mass sample with valid F277W_RHALF: N = 464
[22:43:37] INFO          rhalf_f277_z_gt_7: raw ρ=0.675, p=2.178e-52; partial ρ=0.023, p=0.6463; N=384
[22:43:37] INFO          rhalf_f444_z_gt_7: raw ρ=0.675, p=2.178e-52; partial ρ=0.023, p=0.6463; N=384
[22:43:37] INFO          axis_ratio_z_gt_7: raw ρ=-0.084, p=0.1013; partial ρ=-0.015, p=0.7666; N=384
[22:43:37] INFO          gini_z_gt_7: raw ρ=0.024, p=0.6327; partial ρ=0.191, p=0.0001636; N=384
[22:43:37] INFO          sigma_star_z_gt_7: raw ρ=0.314, p=3.234e-10; partial ρ=0.030, p=0.5637; N=384
[22:43:37] INFO    ═══ ============================================================
[22:43:37] INFO    ═══ SUMMARY
[22:43:37] INFO          Preferred sample: physical_catalog_direct_mass
[22:43:37] INFO          dr4_spec_muv_proxy: N_matched=1592, N_with_mass=800, supportive=1
[22:43:37] INFO          dr4_spec_muv_proxy.rhalf_f277_z_gt_7: raw ρ=0.319, partial ρ=0.065, N=77
[22:43:37] INFO          dr4_spec_muv_proxy.rhalf_f444_z_gt_7: raw ρ=0.319, partial ρ=0.065, N=77
[22:43:37] INFO          dr4_spec_muv_proxy.axis_ratio_z_gt_7: raw ρ=0.037, partial ρ=0.053, N=77
[22:43:37] INFO          dr4_spec_muv_proxy.gini_z_gt_7: raw ρ=0.179, partial ρ=0.085, N=77
[22:43:37] INFO          dr4_spec_muv_proxy.sigma_star_z_gt_7: raw ρ=0.125, partial ρ=-0.164, N=77
[22:43:37] INFO          dr4_spec_muv_proxy.rhalf_f277_z_gt_5: raw ρ=0.423, partial ρ=0.077, N=298
[22:43:37] INFO          dr4_spec_muv_proxy.rhalf_f444_z_gt_5: raw ρ=0.423, partial ρ=0.077, N=298
[22:43:37] INFO          dr4_spec_muv_proxy.axis_ratio_z_gt_5: raw ρ=-0.124, partial ρ=0.016, N=298
[22:43:37] INFO          dr4_spec_muv_proxy.gini_z_gt_5: raw ρ=0.304, partial ρ=0.021, N=298
[22:43:37] INFO          dr4_spec_muv_proxy.sigma_star_z_gt_5: raw ρ=-0.083, partial ρ=0.001, N=298
[22:43:37] INFO          dr4_spec_muv_proxy.rhalf_f277_z_gt_4: raw ρ=0.519, partial ρ=0.064, N=466
[22:43:37] INFO          dr4_spec_muv_proxy.rhalf_f444_z_gt_4: raw ρ=0.519, partial ρ=0.064, N=466
[22:43:37] INFO          dr4_spec_muv_proxy.axis_ratio_z_gt_4: raw ρ=-0.108, partial ρ=-0.003, N=466
[22:43:37] INFO          dr4_spec_muv_proxy.gini_z_gt_4: raw ρ=0.301, partial ρ=0.104, N=466
[22:43:37] INFO          dr4_spec_muv_proxy.sigma_star_z_gt_4: raw ρ=-0.275, partial ρ=0.011, N=466
[22:43:37] INFO          physical_catalog_direct_mass: N_matched=464, N_with_mass=384, supportive=1
[22:43:37] INFO          physical_catalog_direct_mass.rhalf_f277_z_gt_7: raw ρ=0.675, partial ρ=0.023, N=384
[22:43:37] INFO          physical_catalog_direct_mass.rhalf_f444_z_gt_7: raw ρ=0.675, partial ρ=0.023, N=384
[22:43:37] INFO          physical_catalog_direct_mass.axis_ratio_z_gt_7: raw ρ=-0.084, partial ρ=-0.015, N=384
[22:43:37] INFO          physical_catalog_direct_mass.gini_z_gt_7: raw ρ=0.024, partial ρ=0.191, N=384
[22:43:37] INFO          physical_catalog_direct_mass.sigma_star_z_gt_7: raw ρ=0.314, partial ρ=0.030, N=384
[22:43:37] INFO    ═══ ============================================================
[22:43:37] INFO    ✓   Saved: /Users/matthewsmawfield/www/Temporal Equivalence Principle/TEP-JWST/results/outputs/step_155_jades_dr5_morphology.json
