[22:35:36] INFO    ======================================================================
[22:35:36] INFO    TEP-JWST Step 014: JADES Data Ingestion + UV Slope (β) Analysis
[22:35:36] INFO    ======================================================================
[22:35:36] INFO    
[22:35:36] INFO    Testing TEP prediction: massive galaxies should have redder
[22:35:36] INFO    UV slopes due to enhanced stellar ages.
[22:35:36] INFO    
[22:35:36] INFO    Loading JADES z>8 candidates (Hainline+23)...
[22:35:36] INFO    Loaded 527 high-confidence z > 8 candidates
[22:35:36] INFO    Saved jades_highz_physical.csv: N=527 galaxies → /Users/matthewsmawfield/www/Temporal Equivalence Principle/TEP-JWST/data/interim/jades_highz_physical.csv
[22:35:36] INFO    Calculating UV slopes...
[22:35:36] INFO    Calculated UV slopes for 90 galaxies
[22:35:36] INFO    Calculating TEP parameters...
[22:35:36] INFO    ======================================================================
[22:35:36] INFO    ANALYSIS 1: UV Slope vs Mass Correlation
[22:35:36] INFO    ======================================================================
[22:35:36] INFO    Sample size: N = 81
[22:35:36] INFO    β range: -7.24 to 4.39
[22:35:36] INFO    MUV range: -20.69 to -10.70
[22:35:36] INFO    
Correlation (β vs MUV):
[22:35:36] INFO      Spearman ρ = 0.120, p = 0.2868
[22:35:36] INFO      → No mass-dependent reddening detected
[22:35:36] INFO    
Binned analysis:
[22:35:36] INFO      MUV = [-20, -19): N = 6, β = -2.56 ± 0.08
[22:35:36] INFO      MUV = [-19, -18): N = 32, β = -2.34 ± 0.25
[22:35:36] INFO      MUV = [-18, -17): N = 31, β = -2.59 ± 0.15
[22:35:36] INFO    ======================================================================
[22:35:36] INFO    ANALYSIS 2: β-Mass Relation Redshift Evolution
[22:35:36] INFO    ======================================================================
[22:35:36] INFO    Low-z (z < 10): N = 63
[22:35:36] INFO    High-z (z ≥ 10): N = 18
[22:35:36] INFO    
Low-z (z < 10): ρ = 0.206, p = 0.1056
[22:35:36] INFO    High-z (z ≥ 10): ρ = -0.100, p = 0.6927
[22:35:36] INFO    
Δρ (high-z - low-z) = -0.306
[22:35:36] INFO    ✓ β-mass correlation is STRONGER at high-z (TEP-consistent)
[22:35:36] INFO    ======================================================================
[22:35:36] INFO    ANALYSIS 3: UV Slope vs Γ_t Correlation
[22:35:36] INFO    ======================================================================
[22:35:36] INFO    Sample size: N = 81
[22:35:36] INFO    Correlation (β vs Γ_t):
[22:35:36] INFO      Spearman ρ = -0.107, p = 0.3430
[22:35:36] INFO    
✗ No positive correlation detected
[22:35:36] INFO    
[22:35:36] INFO    ======================================================================
[22:35:36] INFO    SUMMARY
[22:35:36] INFO    ======================================================================
[22:35:36] INFO    ⚠ No significant β-mass correlation
[22:35:36] INFO    ⚠ No significant β-Γ_t correlation
[22:35:36] INFO    
Results saved to: /Users/matthewsmawfield/www/Temporal Equivalence Principle/TEP-JWST/results/outputs/step_014_jwst_uv_slope.json
[22:35:36] INFO    Step 014 complete.
