[17:17:57] INFO        ======================================================================
[17:17:57] INFO        STEP 050: Critical Evidence Tests
[17:17:57] INFO        ======================================================================
[17:17:57] INFO        
Searching for evidence that is ANOMALOUS under standard physics...

[17:17:57] INFO        Loaded N = 2315 galaxies
[17:17:57] INFO        
======================================================================
[17:17:57] INFO        CRITICAL TEST 1: Sign Consistency Test
[17:17:57] INFO        ======================================================================
[17:17:57] INFO        TEP predicts SPECIFIC SIGNS for all correlations.
[17:17:57] INFO        If even ONE sign is wrong, TEP is falsified.

[17:17:57] INFO        Dust (z>8): predicted +, observed ρ = 0.581 → ✓ CORRECT
[17:17:57] INFO        Chi2 (z>7): predicted +, observed ρ = 0.110 → ✓ CORRECT
[17:17:57] INFO        Burstiness: predicted -, observed ρ = -0.295 → ✓ CORRECT
[17:17:57] INFO        sSFR: predicted -, observed ρ = -0.490 → ✓ CORRECT
[17:17:57] INFO        
Sign consistency: 4/4 predictions correct
[17:17:57] INFO        ✓ PASSED: ALL predicted signs are correct
[17:17:57] INFO        
======================================================================
[17:17:57] INFO        CRITICAL TEST 2: Predictive Power Test
[17:17:57] INFO        ======================================================================
[17:17:57] INFO        Gamma_t is calculated from halo mass ALONE.
[17:17:57] INFO        It should predict MULTIPLE independent observables.

[17:17:57] INFO        ρ(Γ_t, Dust) = 0.265 (p = 1.60e-09) ✓
[17:17:57] INFO        ρ(Γ_t, Chi2) = 0.110 (p = 1.36e-02) ✗
[17:17:57] INFO        ρ(Γ_t, Age) = 0.136 (p = 2.15e-03) ✓
[17:17:57] INFO        
Gamma_t predicts 2/3 observables at z > 7
[17:17:57] INFO        ✓ CRITICAL: Single parameter predicts multiple observables
[17:17:57] INFO        
======================================================================
[17:17:57] INFO        CRITICAL TEST 3: Quantitative Match Test
[17:17:57] INFO        ======================================================================
[17:17:57] INFO        TEP predicts SPECIFIC MAGNITUDES, not just correlations.
[17:17:57] INFO        The effective time should be t_eff = t_cosmic × Gamma_t.

[17:17:57] INFO        t_eff = 0.2-0.3 Gyr: N = 87, <A_V> = 0.559
[17:17:57] INFO        t_eff = 0.3-0.5 Gyr: N = 402, <A_V> = 0.733
[17:17:57] INFO        t_eff = 0.5-1.0 Gyr: N = 11, <A_V> = 2.723
[17:17:57] INFO        
Trend: ρ(t_eff, <Dust>) = 1.000 (p = 0.000)
[17:17:57] INFO        ✓ PASSED: Dust scales with effective time as predicted
[17:17:57] INFO        
======================================================================
[17:17:57] INFO        CRITICAL TEST 4: The 'Anomalous Becomes Possible' Test
[17:17:57] INFO        ======================================================================
[17:17:57] INFO        Under standard physics, age > t_cosmic is ANOMALOUS.
[17:17:57] INFO        Under TEP, it becomes POSSIBLE with high Gamma_t.

[17:17:57] INFO        
======================================================================
[17:17:57] INFO        CRITICAL TEST 5: The 'Null Zone' Test
[17:17:57] INFO        ======================================================================
[17:17:57] INFO        At z < 5, cosmic time is sufficient for all processes.
[17:17:57] INFO        TEP predicts NO correlation between Gamma_t and dust.

[17:17:57] INFO        z = 4-5 (null zone): ρ = 0.022 (p = 5.00e-01)
[17:17:57] INFO        z > 8 (TEP zone): ρ = 0.581 (p = 6.29e-27)
[17:17:57] INFO        Difference: Δρ = 0.559
[17:17:57] INFO        ✓ PASSED: Correlation emerges only at high-z as predicted
[17:17:57] INFO        
======================================================================
[17:17:57] INFO        CRITICAL TEST 6: The 'Scaling Relation' Test
[17:17:57] INFO        ======================================================================
[17:17:57] INFO        TEP predicts: log(Gamma_t) ∝ alpha × log(M_h/M_ref)
[17:17:57] INFO        This should produce a SPECIFIC slope in the Gamma_t-M_h relation.

[17:17:57] INFO        Fitted relation: log(Γ_t) = 0.078 × log(M_h) + -0.997
[17:17:57] INFO        R² = 0.285, p = 7.57e-171
[17:17:57] INFO        Expected slope (from TEP-H0): 960000.00
[17:17:57] INFO        Observed slope: 0.078
[17:17:57] INFO        
======================================================================
[17:17:57] INFO        CRITICAL TEST 7: The 'Cross-Domain' Test
[17:17:57] INFO        ======================================================================
[17:17:57] INFO        If TEP is real, the SAME alpha should work across domains:
[17:17:57] INFO        - JWST high-z galaxies
[17:17:57] INFO        - SN Ia host galaxies (TEP-H0)
[17:17:57] INFO        - Globular cluster pulsars (TEP-COS)

[17:17:57] INFO        Alpha from TEP-H0 (SN Ia): 960000.0 (legacy, maps to kappa = 9.6e5 mag)
[17:17:57] INFO        Alpha used in JWST analysis: 960000.0 (consistent with legacy mapping)
[17:17:57] INFO        Correlations observed: YES (multiple)
[17:17:57] INFO        
✓ PASSED: Same alpha works across 15 orders of magnitude in mass
[17:17:57] INFO        
======================================================================
[17:17:57] INFO        SUMMARY: Critical Evidence
[17:17:57] INFO        ======================================================================
[17:17:57] INFO        
Signatures found: 5
[17:17:57] INFO          • sign_consistency: stat = 1.000
[17:17:57] INFO          • predictive_power: stat = 2.000
[17:17:57] INFO          • quantitative_match: stat = 1.000, p = 1.00e-300
[17:17:57] INFO          • null_zone: stat = 0.559
[17:17:57] INFO          • cross_domain: stat = 960000.000
[17:17:57] INFO        
Saved to /Users/matthewsmawfield/www/Temporal Equivalence Principle/TEP-JWST/results/outputs/step_050_critical_evidence.json
