[22:36:12] INFO        ======================================================================
[22:36:12] INFO        STEP 040: Mass Sensitivity Analysis
[22:36:12] INFO        Testing robustness against MIRI-indicated mass overestimation
[22:36:12] INFO        ======================================================================
[22:36:12] INFO        Loaded N = 2315 galaxies
[22:36:12] INFO        
--- Mass Reduction: 0.0 dex ---
[22:36:12] INFO          Mass-Dust (z>8): rho=0.559, p=1.05e-24
[22:36:12] INFO          Gamma-Dust (z>8): rho=0.471, p=4.72e-17
[22:36:12] INFO          Gamma-Age (z>4): rho=-0.006, p=7.72e-01
[22:36:12] INFO          Chi2 Separation: KS=0.566, p=3.89e-04
[22:36:12] INFO        
--- Mass Reduction: 0.3 dex ---
[22:36:12] INFO          Mass-Dust (z>8): rho=0.559, p=1.05e-24
[22:36:12] INFO          Gamma-Dust (z>8): rho=0.380, p=3.52e-11
[22:36:12] INFO          Gamma-Age (z>4): rho=-0.019, p=3.64e-01
[22:36:12] INFO          Chi2 Separation: KS=nan, p=nan
[22:36:12] INFO        
--- Mass Reduction: 0.5 dex ---
[22:36:12] INFO          Mass-Dust (z>8): rho=0.559, p=1.05e-24
[22:36:12] INFO          Gamma-Dust (z>8): rho=0.330, p=1.32e-08
[22:36:12] INFO          Gamma-Age (z>4): rho=-0.027, p=1.95e-01
[22:36:12] INFO          Chi2 Separation: KS=nan, p=nan
[22:36:12] INFO        
--- Mass Reduction: 0.7 dex ---
[22:36:12] INFO          Mass-Dust (z>8): rho=0.559, p=1.05e-24
[22:36:12] INFO          Gamma-Dust (z>8): rho=0.281, p=1.53e-06
[22:36:12] INFO          Gamma-Age (z>4): rho=-0.034, p=1.01e-01
[22:36:12] INFO          Chi2 Separation: KS=nan, p=nan
[22:36:12] INFO        
--- Mass Reduction: 1.0 dex ---
[22:36:12] INFO          Mass-Dust (z>8): rho=0.559, p=1.05e-24
[22:36:12] INFO          Gamma-Dust (z>8): rho=0.221, p=1.80e-04
[22:36:12] INFO          Gamma-Age (z>4): rho=-0.042, p=4.13e-02
[22:36:12] INFO          Chi2 Separation: KS=nan, p=nan
[22:36:12] INFO        
======================================================================
[22:36:12] INFO        SENSITIVITY SUMMARY
[22:36:12] INFO        ======================================================================
[22:36:12] INFO        Signatures surviving 0.5 dex reduction: 2/4
[22:36:12] INFO          mass_dust_z8: PASS
[22:36:12] INFO          gamma_dust_z8: PASS
[22:36:12] INFO          gamma_age_z4: FAIL
[22:36:12] INFO          chi2_separation: FAIL
[22:36:12] INFO        
Signatures surviving 1.0 dex reduction: 3/4
[22:36:12] INFO          mass_dust_z8: PASS
[22:36:12] INFO          gamma_dust_z8: PASS
[22:36:12] INFO          gamma_age_z4: PASS
[22:36:12] INFO          chi2_separation: FAIL
[22:36:12] INFO        
Saved results to /Users/matthewsmawfield/www/Temporal Equivalence Principle/TEP-JWST/results/outputs/step_040_mass_sensitivity.csv
[22:36:12] INFO        Saved summary to /Users/matthewsmawfield/www/Temporal Equivalence Principle/TEP-JWST/results/outputs/step_040_mass_sensitivity.json
