[22:35:32] INFO    ======================================================================
[22:35:32] INFO    TEP-JWST Step 12: Extended SN Ia Analysis
[22:35:32] INFO    ======================================================================
[22:35:32] INFO    
[22:35:32] INFO    Exploring additional TEP signatures in Pantheon+ data
[22:35:32] INFO    
[22:35:32] INFO    Loading Pantheon+ data from /Users/matthewsmawfield/www/Temporal Equivalence Principle/TEP-H0/data/raw/Pantheon+SH0ES.dat
[22:35:32] INFO    Loaded 1701 SN Ia observations
[22:35:33] INFO    ======================================================================
[22:35:33] INFO    ANALYSIS 1: Mass Step Redshift Evolution
[22:35:33] INFO    ======================================================================
[22:35:33] INFO    z = 0.01-0.03: N = 357, mass step = 0.0187 ± 0.0191 mag
[22:35:33] INFO    z = 0.03-0.05: N = 177, mass step = -0.0192 ± 0.0228 mag
[22:35:33] INFO    z = 0.05-0.08: N = 82, mass step = 0.0265 ± 0.0372 mag
[22:35:33] INFO    z = 0.08-0.15: N = 99, mass step = 0.0070 ± 0.0253 mag
[22:35:33] INFO    z = 0.15-0.30: N = 381, mass step = 0.0089 ± 0.0157 mag
[22:35:33] INFO    z = 0.30-1.00: N = 469, mass step = 0.0231 ± 0.0132 mag
[22:35:33] INFO    
Mass step vs redshift correlation:
[22:35:33] INFO      Spearman ρ = 0.200, p = 0.7040
[22:35:33] INFO    
⚠ No significant redshift evolution detected
[22:35:33] INFO    ======================================================================
[22:35:33] INFO    ANALYSIS 2: Calibrator vs Hubble Flow Offset
[22:35:33] INFO    ======================================================================
[22:35:33] INFO    Calibrators: N = 77
[22:35:33] INFO    Hubble flow (z > 0.01): N = 1580
[22:35:33] INFO    
Mean residuals:
[22:35:33] INFO      Calibrators: 0.1101 ± 0.0335 mag
[22:35:33] INFO      Hubble flow: -0.0030 ± 0.0039 mag
[22:35:33] INFO      Offset (Cal - HF): 0.1131 ± 0.0337 mag
[22:35:33] INFO    
Mean host mass:
[22:35:33] INFO      Calibrators: log(M*) = 10.21
[22:35:33] INFO      Hubble flow: log(M*) = 9.82
[22:35:33] INFO    
TEP Interpretation:
[22:35:33] INFO      Calibrators are in screened environments (group halos)
[22:35:33] INFO      Hubble flow SNe are in mixed environments
[22:35:33] INFO      The offset reflects the differential TEP bias
[22:35:33] INFO    ======================================================================
[22:35:33] INFO    ANALYSIS 3: Hubble Residual Correlations
[22:35:33] INFO    ======================================================================
[22:35:33] INFO    Host stellar mass: ρ = 0.027, p = 0.2799
[22:35:33] INFO    SN color: ρ = 0.012, p = 0.6415
[22:35:33] INFO    SN stretch: ρ = -0.029, p = 0.2491
[22:35:33] INFO    Redshift: ρ = -0.095, p = 0.0001
[22:35:33] INFO    ======================================================================
[22:35:33] INFO    ANALYSIS 4: High-z Mass Step (z > 0.1)
[22:35:33] INFO    ======================================================================
[22:35:33] INFO    High-z sample (z > 0.1): N = 960
[22:35:33] INFO    Redshift range: 0.102 - 2.261
[22:35:33] INFO    Low-mass hosts: N = 449
[22:35:33] INFO    High-mass hosts: N = 511
[22:35:33] INFO    
High-z mass step: 0.0139 ± 0.0095 mag
[22:35:33] INFO    t-statistic: 1.47, p = 0.1428
[22:35:33] INFO    
Comparison:
[22:35:33] INFO      Full sample mass step: 0.0072 mag
[22:35:33] INFO      High-z mass step: 0.0139 mag
[22:35:33] INFO      Ratio (high-z / full): 1.93
[22:35:33] INFO    
✓ High-z mass step is LARGER (TEP-consistent)
[22:35:33] INFO    
[22:35:33] INFO    ======================================================================
[22:35:33] INFO    SUMMARY
[22:35:33] INFO    ======================================================================
[22:35:33] INFO    ⚠ No significant mass step evolution with redshift
[22:35:33] INFO    ✓ High-z mass step is enhanced (TEP-consistent)
[22:35:33] INFO    
Results saved to: /Users/matthewsmawfield/www/Temporal Equivalence Principle/TEP-JWST/results/outputs/step_012_sn_ia_extended.json
