[22:37:55] INFO        ======================================================================
[22:37:55] INFO        STEP 095: LRD Core-Halo Mass Derivation
[22:37:55] INFO        ======================================================================
[22:37:55] INFO        
Using literature-based LRD parameters:
[22:37:55] INFO          Effective radius: 0.15 ± 0.10 kpc
[22:37:55] INFO          Sersic index: 2.5 ± 1.0
[22:37:55] INFO          Halo mass: 10^11.0 ± 0.3 M_sun
[22:37:55] INFO        
Running Monte Carlo simulation (N=10000)...
[22:37:57] INFO        
Derived Delta log M_h distribution:
[22:37:57] INFO          Median: 1.02
[22:37:57] INFO          Mean: 1.03
[22:37:57] INFO          Std: 0.31
[22:37:57] INFO          16-84%: [0.71, 1.34]
[22:37:57] INFO        
Derived boost factor distribution:
[22:37:57] INFO          Median log10(Boost): 2.92
[22:37:57] INFO          Mean log10(Boost): 5.43
[22:37:57] INFO          16-84%: [0.90, 10.51]
[22:37:57] INFO          Fraction with Boost > 10^3: 49.1%
[22:37:57] INFO          Fraction with Boost > 10^5: 32.9%
[22:37:57] INFO        
Comparison with Step 41:
[22:37:57] INFO          Step 41 assumed: Delta log M_h = 1.50
[22:37:57] INFO          This analysis: Delta log M_h = 1.02 ± 0.31
[22:37:57] INFO          Consistent within 1σ: False
[22:37:57] INFO        
Sensitivity analysis: Boost vs effective radius
[22:37:57] INFO          r_e = 0.05-0.10 kpc: log10(Boost) = 5.8, runaway fraction = 73.8%
[22:37:57] INFO          r_e = 0.10-0.15 kpc: log10(Boost) = 3.5, runaway fraction = 56.3%
[22:37:57] INFO          r_e = 0.15-0.20 kpc: log10(Boost) = 2.4, runaway fraction = 42.0%
[22:37:57] INFO          r_e = 0.20-0.30 kpc: log10(Boost) = 1.8, runaway fraction = 32.0%
[22:37:57] INFO          r_e = 0.30-0.50 kpc: log10(Boost) = 1.2, runaway fraction = 19.0%
[22:37:57] INFO          r_e = 0.50-0.80 kpc: log10(Boost) = 0.7, runaway fraction = 7.0%
[22:37:57] INFO        
Critical radius for 50% runaway: r_e < 0.05 kpc
[22:37:57] INFO        
Results saved to /Users/matthewsmawfield/www/Temporal Equivalence Principle/TEP-JWST/results/outputs/step_095_lrd_core_halo_mass.json
[22:37:58] INFO        Figure saved to /Users/matthewsmawfield/www/Temporal Equivalence Principle/TEP-JWST/results/figures/figure_095_lrd_core_halo_mass.png
[22:37:58] INFO        
Step 095 complete.
