[22:35:23] INFO        ============================================================
[22:35:23] INFO        STEP 9: Thread 5 - z > 8 Dust Anomaly
[22:35:23] INFO        ============================================================
[22:35:23] INFO    
[22:35:23] INFO        Loaded full sample: N = 2315
[22:35:23] INFO    
[22:35:23] INFO        Mass-Dust Correlation by Redshift:
[22:35:23] INFO        --------------------------------------------------
[22:35:23] INFO        z = 4-5: N =  942, rho = +0.037 [-0.023, +0.105] 
[22:35:23] INFO        z = 5-6: N =  497, rho = -0.026 [-0.115, +0.063] 
[22:35:24] INFO        z = 6-7: N =  372, rho = -0.118 [-0.224, -0.019] *
[22:35:24] INFO        z = 7-8: N =  221, rho = +0.099 [-0.037, +0.241] 
[22:35:24] INFO        z = 8-10: N =  283, rho = +0.559 [+0.461, +0.646] *
[22:35:24] INFO    
[22:35:24] INFO        ==================================================
[22:35:24] INFO        z > 8 DUST ANOMALY
[22:35:24] INFO        ==================================================
[22:35:24] INFO    
[22:35:24] INFO        N = 283
[22:35:24] INFO        rho(M*, dust) = 0.559 [0.461, 0.646]
[22:35:24] INFO        p = 1.05e-24
[22:35:24] INFO    
[22:35:24] INFO        ★ STATISTICALLY SIGNIFICANT: True
[22:35:24] INFO    
[22:35:24] INFO        Partial Correlation Analysis (z > 8):
[22:35:24] INFO        --------------------------------------------------
[22:35:24] INFO        rho(Γ_t, dust | M*) = 0.222, p = 1.64e-04
[22:35:24] INFO        rho(Γ_t, dust | z)  = 0.568, p = 1.37e-25
[22:35:24] INFO        rho(Γ_t, dust | M*, z) = 0.212, p = 3.25e-04
[22:35:24] INFO    
[22:35:24] INFO        Mean A_V by Mass at z > 8:
[22:35:24] INFO        ------------------------------
[22:35:24] INFO        log M* = 8-8.5: N = 180, <A_V> = 0.60 ± 0.37
[22:35:24] INFO        log M* = 8.5-9: N =  70, <A_V> = 0.89 ± 0.28
[22:35:24] INFO        log M* = 9-10: N =  24, <A_V> = 1.25 ± 0.52
[22:35:24] INFO        log M* = 10-12: N =   9, <A_V> = 2.70 ± 1.13
[22:35:24] INFO    
[22:35:24] INFO        PHYSICAL INTERPRETATION:
[22:35:24] INFO        --------------------------------------------------
[22:35:24] INFO        At z > 8, the universe is < 600 Myr old.
[22:35:24] INFO        Standard dust production (AGB stars) requires 100-300 Myr.
[22:35:24] INFO    
[22:35:24] INFO        Observed: mass-dust correlation rho = +0.559 (N = 283)
[22:35:24] INFO                  Most massive bin has <A_V> = 2.70
[22:35:24] INFO    
[22:35:24] INFO        Partial rho(Gamma_t, dust | M*, z) = 0.212 (p = 3.25e-04)
[22:35:24] INFO    
[22:35:24] INFO        TEP explanation:
[22:35:24] INFO          For log M* = 11 at z = 9, Gamma_t ~ 2.9
[22:35:24] INFO          Effective stellar age: 550 Myr * 2.9 ~ 1.6 Gyr
[22:35:24] INFO          Sufficient time for AGB dust production.
[22:35:24] INFO    
[22:35:24] INFO        Results saved to: /Users/matthewsmawfield/www/Temporal Equivalence Principle/TEP-JWST/results/outputs/step_006_thread5_z8_dust.json
[22:35:24] INFO    
[22:35:24] INFO        Step 006 complete.
