[17:23:08] INFO    ═══ STEP 124: Time-Space Coupling Consistency Test
[17:23:08] INFO        Verifying that TEP temporal effects decouple from spatial metric modifications.
[17:23:08] INFO    
[17:23:08] INFO    
[17:23:08] INFO    >>> Temporal vs Spatial Observable Tests:
[17:23:08] INFO          angular_diameter_distance:
[17:23:08] INFO            Description: Standard ΛCDM angular diameter distance
[17:23:08] INFO            TEP Effect: None - spatial geometry unchanged
[17:23:08] INFO          luminosity_distance:
[17:23:08] INFO            Description: Standard ΛCDM luminosity distance
[17:23:08] INFO            TEP Effect: None - photon propagation unchanged
[17:23:08] INFO          proper_time_accumulation:
[17:23:08] INFO            Description: Clock rate in high-z galaxies
[17:23:08] INFO            TEP Effect: Γ_t enhancement factor
[17:23:08] INFO          redshift_dilation:
[17:23:08] INFO            Description: Cosmological redshift
[17:23:08] INFO            TEP Effect: Modified age interpretation
[17:23:08] INFO    
[17:23:08] INFO    >>> Quantitative Test (z=5.5, M_h=3.98e+12):
[17:23:08] INFO          Temporal enhancement Gamma_t = 2.18
[17:23:08] INFO          Spatial effect = 1.00
[17:23:08] INFO          Ratio T/S = 2.18
[17:23:08] INFO          Decoupling confirmed: True
[17:23:08] INFO    ✓   Results saved to step_124_timespace_coupling.json
[17:23:08] INFO    
[17:23:08] INFO    ✓   Time-space coupling test complete.
